// Jest Snapshot v1, https://goo.gl/fbAQLP

exports[`PipelineVisualizationGraph should match the previous snapshot 1`] = `
<div
  className="odc-pipeline__graph"
>
  <div
    className="odc-pipeline__stages"
  >
    <div
      className="odc-pipeline__stage"
    >
      <div
        className="odc-pipeline__task input-node"
      />
    </div>
    <div
      className="odc-pipeline__stage"
    >
      <ul
        className="odc-pipeline__stage-column"
      >
        <li
          className="odc-pipeline__task"
        >
          <div
            className="title"
          >
            <span
              className="truncate"
            >
              start-app
            </span>
            <div
              className="pf-c-tooltip"
              role="tooltip"
            >
              <div
                className="pf-c-tooltip__arrow"
              />
              <div
                className="pf-c-tooltip__content"
              />
            </div>
          </div>
        </li>
      </ul>
    </div>
    <div
      className="odc-pipeline__stage--is-parallel"
    >
      <ul
        className="odc-pipeline__stage-column"
      >
        <li
          className="odc-pipeline__task"
        >
          <div
            className="title"
          >
            <span
              className="truncate"
            >
              test-app-1
            </span>
            <div
              className="pf-c-tooltip"
              role="tooltip"
            >
              <div
                className="pf-c-tooltip__arrow"
              />
              <div
                className="pf-c-tooltip__content"
              />
            </div>
          </div>
        </li>
        <li
          className="odc-pipeline__task"
        >
          <div
            className="title"
          >
            <span
              className="truncate"
            >
              test-app-2
            </span>
            <div
              className="pf-c-tooltip"
              role="tooltip"
            >
              <div
                className="pf-c-tooltip__arrow"
              />
              <div
                className="pf-c-tooltip__content"
              />
            </div>
          </div>
        </li>
      </ul>
    </div>
    <div
      className="odc-pipeline__stage--is-parallel"
    >
      <ul
        className="odc-pipeline__stage-column"
      >
        <li
          className="odc-pipeline__task"
        >
          <div
            className="title"
          >
            <span
              className="truncate"
            >
              build-image-1
            </span>
            <div
              className="pf-c-tooltip"
              role="tooltip"
            >
              <div
                className="pf-c-tooltip__arrow"
              />
              <div
                className="pf-c-tooltip__content"
              />
            </div>
          </div>
        </li>
        <li
          className="odc-pipeline__task"
        >
          <div
            className="title"
          >
            <span
              className="truncate"
            >
              build-image-2
            </span>
            <div
              className="pf-c-tooltip"
              role="tooltip"
            >
              <div
                className="pf-c-tooltip__arrow"
              />
              <div
                className="pf-c-tooltip__content"
              />
            </div>
          </div>
        </li>
      </ul>
    </div>
    <div
      className="odc-pipeline__stage"
    >
      <ul
        className="odc-pipeline__stage-column"
      >
        <li
          className="odc-pipeline__task"
        >
          <div
            className="title"
          >
            <span
              className="truncate"
            >
              openshift-cli-deploy-mapit
            </span>
            <div
              className="pf-c-tooltip"
              role="tooltip"
            >
              <div
                className="pf-c-tooltip__arrow"
              />
              <div
                className="pf-c-tooltip__content"
              />
            </div>
          </div>
        </li>
      </ul>
    </div>
  </div>
</div>
`;
